// Vitest Snapshot v1, https://vitest.dev/guide/snapshot.html

exports[`Per-diagram principle-citation contract (animated diagrams) > missing-per-principle-cite baseline is locked (new animations MUST cite their principle) > per-principle-cite-baseline 1`] = `
[
  "src/components/diagrams/AAShuntAnimation.tsx::AAShuntAnimation",
  "src/components/diagrams/AdrenalCrisisAnimation.tsx::AdrenalCrisisAnimation",
  "src/components/diagrams/AnimatedMechanism.tsx::AnimatedMechanism",
  "src/components/diagrams/BonfilsRetromolarAnimation.tsx::BonfilsRetromolarAnimation",
  "src/components/diagrams/CICODrillAnimation.tsx::CICODrillAnimation",
  "src/components/diagrams/Cat1RSIAnimation.tsx::Cat1RSIAnimation",
  "src/components/diagrams/ComplicationBundlesAnimation.tsx::ComplicationBundlesAnimation",
  "src/components/diagrams/DKAAnimation.tsx::DKAAnimation",
  "src/components/diagrams/GoalDirectedTherapyAnimation.tsx::GoalDirectedTherapyAnimation",
  "src/components/diagrams/JetVentilationCycleAnimation.tsx::JetVentilationCycleAnimation",
  "src/components/diagrams/OpioidSignallingCascadeAnimation.tsx::OpioidSignallingCascadeAnimation",
  "src/components/diagrams/PatientPositioningMechanisms.tsx::ParkBenchArmTractionAnimation",
  "src/components/diagrams/PatientPositioningMechanisms.tsx::PeronealNerveLithotomyAnimation",
  "src/components/diagrams/PatientPositioningMechanisms.tsx::ProneIVCFreeAbdomenAnimation",
  "src/components/diagrams/PatientPositioningMechanisms.tsx::SittingHydrostaticAnimation",
  "src/components/diagrams/PatientPositioningMechanisms.tsx::VAEDetectionLadderAnimation",
  "src/components/diagrams/RefeedingSyndromeAnimation.tsx::RefeedingSyndromeAnimation",
  "src/components/diagrams/ThyroidStormAnimation.tsx::ThyroidStormAnimation",
]
`;
