// Vitest Snapshot v1, https://vitest.dev/guide/snapshot.html

exports[`Diagram source-citation contract > missing-citation baseline is locked (new diagram-bearing topics MUST cite sources) > diagram-citation-baseline 1`] = `
[
  "[missing-diagram-sources] src/pages/topics/ABGAnalyserTopic.tsx",
  "[missing-diagram-sources] src/pages/topics/ARDSTopic.tsx",
  "[missing-diagram-sources] src/pages/topics/AbdominalAnatomyTopic.tsx",
  "[missing-diagram-sources] src/pages/topics/AcidBaseTopic.tsx",
  "[missing-diagram-sources] src/pages/topics/AcidsBasesBuffersTopic.tsx",
  "[missing-diagram-sources] src/pages/topics/AcuteLiverFailureTopic.tsx",
  "[missing-diagram-sources] src/pages/topics/AcutePancreatitisTopic.tsx",
  "[missing-diagram-sources] src/pages/topics/AirwayManagementTopic.tsx",
  "[missing-diagram-sources] src/pages/topics/AkiRrtTopic.tsx",
  "[missing-diagram-sources] src/pages/topics/AntiarrhythmicsTopic.tsx",
  "[missing-diagram-sources] src/pages/topics/AnticoagulantsTopic.tsx",
  "[missing-diagram-sources] src/pages/topics/AntiemeticsTopic.tsx",
  "[missing-diagram-sources] src/pages/topics/AntimicrobialsIcuTopic.tsx",
  "[missing-diagram-sources] src/pages/topics/AntimicrobialsPharmTopic.tsx",
  "[missing-diagram-sources] src/pages/topics/ArrhythmiasEcgIcuTopic.tsx",
  "[missing-diagram-sources] src/pages/topics/AtomicStructureBondingTopic.tsx",
  "[missing-diagram-sources] src/pages/topics/AutonomicNervousTopic.tsx",
  "[missing-diagram-sources] src/pages/topics/BariatricAnaesthesiaTopic.tsx",
  "[missing-diagram-sources] src/pages/topics/BrachialPlexusTopic.tsx",
  "[missing-diagram-sources] src/pages/topics/BreathingCircuitsTopic.tsx",
  "[missing-diagram-sources] src/pages/topics/BronchospasticFailureTopic.tsx",
  "[missing-diagram-sources] src/pages/topics/BurnsIcuTopic.tsx",
  "[missing-diagram-sources] src/pages/topics/BurnsPlasticsTopic.tsx",
  "[missing-diagram-sources] src/pages/topics/CapnographyTopic.tsx",
  "[missing-diagram-sources] src/pages/topics/CardiacAnatomyTopic.tsx",
  "[missing-diagram-sources] src/pages/topics/CardiacArrestPostResusTopic.tsx",
  "[missing-diagram-sources] src/pages/topics/CardiacCycleTopic.tsx",
  "[missing-diagram-sources] src/pages/topics/CardiacElectrophysiologyTopic.tsx",
  "[missing-diagram-sources] src/pages/topics/CardiacOutputMonitoringTopic.tsx",
  "[missing-diagram-sources] src/pages/topics/CardiothoracicTopic.tsx",
  "[missing-diagram-sources] src/pages/topics/CardiovascularDiseaseTopic.tsx",
  "[missing-diagram-sources] src/pages/topics/CirculatoryFailureTopic.tsx",
  "[missing-diagram-sources] src/pages/topics/ClinicalIncidentsTopic.tsx",
  "[missing-diagram-sources] src/pages/topics/ClinicalMeasurementTopic.tsx",
  "[missing-diagram-sources] src/pages/topics/CorticosteroidsTopic.tsx",
  "[missing-diagram-sources] src/pages/topics/DefibrillationPacingTopic.tsx",
  "[missing-diagram-sources] src/pages/topics/DepthOfAnaesthesiaMonitoringTopic.tsx",
  "[missing-diagram-sources] src/pages/topics/ENTAnaesthesiaTopic.tsx",
  "[missing-diagram-sources] src/pages/topics/EcmoTopic.tsx",
  "[missing-diagram-sources] src/pages/topics/ElderlyAnaesthesiaTopic.tsx",
  "[missing-diagram-sources] src/pages/topics/ElectricalSafetyTopic.tsx",
  "[missing-diagram-sources] src/pages/topics/ElectricityMagnetismTopic.tsx",
  "[missing-diagram-sources] src/pages/topics/EmergencySurgeryTopic.tsx",
  "[missing-diagram-sources] src/pages/topics/EndocrineDiseaseTopic.tsx",
  "[missing-diagram-sources] src/pages/topics/EndocrinePhysiologyTopic.tsx",
  "[missing-diagram-sources] src/pages/topics/EquipmentMonitoringTopic.tsx",
  "[missing-diagram-sources] src/pages/topics/FlowMeasurementTopic.tsx",
  "[missing-diagram-sources] src/pages/topics/FoetalCirculationTopic.tsx",
  "[missing-diagram-sources] src/pages/topics/GasLawsTopic.tsx",
  "[missing-diagram-sources] src/pages/topics/GastrointestinalPhysiologyTopic.tsx",
  "[missing-diagram-sources] src/pages/topics/GynaecologicalAnaesthesiaTopic.tsx",
  "[missing-diagram-sources] src/pages/topics/HaematologyIcuTopic.tsx",
  "[missing-diagram-sources] src/pages/topics/HaematologyImmunityTopic.tsx",
  "[missing-diagram-sources] src/pages/topics/HeadNeckAnatomyTopic.tsx",
  "[missing-diagram-sources] src/pages/topics/HepaticPhysiologyTopic.tsx",
  "[missing-diagram-sources] src/pages/topics/HepatobiliaryTransplantTopic.tsx",
  "[missing-diagram-sources] src/pages/topics/HumidityGasSamplingTopic.tsx",
  "[missing-diagram-sources] src/pages/topics/IVAnaestheticsTopic.tsx",
  "[missing-diagram-sources] src/pages/topics/IcuEndocrineEmergenciesTopic.tsx",
  "[missing-diagram-sources] src/pages/topics/IcuNutritionTopic.tsx",
  "[missing-diagram-sources] src/pages/topics/IcuSedationDeliriumTopic.tsx",
  "[missing-diagram-sources] src/pages/topics/InfectiousDiseaseIcuTopic.tsx",
  "[missing-diagram-sources] src/pages/topics/InterventionalRadiologyTopic.tsx",
  "[missing-diagram-sources] src/pages/topics/LaserFibreopticsTopic.tsx",
  "[missing-diagram-sources] src/pages/topics/LocalAnaestheticsTopic.tsx",
  "[missing-diagram-sources] src/pages/topics/LowerLimbAnatomyTopic.tsx",
  "[missing-diagram-sources] src/pages/topics/LungMechanicsTopic.tsx",
  "[missing-diagram-sources] src/pages/topics/MRIPhysicsTopic.tsx",
  "[missing-diagram-sources] src/pages/topics/MassCasualtyMilitaryTopic.tsx",
  "[missing-diagram-sources] src/pages/topics/MaternalPhysiologyTopic.tsx",
  "[missing-diagram-sources] src/pages/topics/MathConceptsTopic.tsx",
  "[missing-diagram-sources] src/pages/topics/MechanicalVentilationTopic.tsx",
  "[missing-diagram-sources] src/pages/topics/MuscleRelaxantsTopic.tsx",
  "[missing-diagram-sources] src/pages/topics/NSAIDsParacetamolTopic.tsx",
  "[missing-diagram-sources] src/pages/topics/NeuroanaesthesiaTopic.tsx",
  "[missing-diagram-sources] src/pages/topics/NeuroanatomyTopic.tsx",
  "[missing-diagram-sources] src/pages/topics/NeurointensiveCareTopic.tsx",
  "[missing-diagram-sources] src/pages/topics/NeurologicalDiseaseTopic.tsx",
  "[missing-diagram-sources] src/pages/topics/NeuromuscularTopic.tsx",
  "[missing-diagram-sources] src/pages/topics/ObstetricAnaesthesiaTopic.tsx",
  "[missing-diagram-sources] src/pages/topics/OperatingTheatreEnvironmentTopic.tsx",
  "[missing-diagram-sources] src/pages/topics/OphthalmicAnaesthesiaTopic.tsx",
  "[missing-diagram-sources] src/pages/topics/OpioidsTopic.tsx",
  "[missing-diagram-sources] src/pages/topics/OpticsLightTopic.tsx",
  "[missing-diagram-sources] src/pages/topics/OrganDonationTopic.tsx",
  "[missing-diagram-sources] src/pages/topics/OrganicChemistryTopic.tsx",
  "[missing-diagram-sources] src/pages/topics/OrthopaedicAnaesthesiaTopic.tsx",
  "[missing-diagram-sources] src/pages/topics/OxidationReductionTopic.tsx",
  "[missing-diagram-sources] src/pages/topics/OxygenHaemoglobinTopic.tsx",
  "[missing-diagram-sources] src/pages/topics/PaediatricAnaesthesiaTopic.tsx",
  "[missing-diagram-sources] src/pages/topics/PaediatricIcuTopic.tsx",
  "[missing-diagram-sources] src/pages/topics/PainMedicineTopic.tsx",
  "[missing-diagram-sources] src/pages/topics/PatientPositioningTopic.tsx",
  "[missing-diagram-sources] src/pages/topics/PerioperativeFluidsTopic.tsx",
  "[missing-diagram-sources] src/pages/topics/PharmacodynamicsTopic.tsx",
  "[missing-diagram-sources] src/pages/topics/PharmacokineticsTopic.tsx",
  "[missing-diagram-sources] src/pages/topics/PlasticSurgeryTopic.tsx",
  "[missing-diagram-sources] src/pages/topics/PostopHighRiskIcuTopic.tsx",
  "[missing-diagram-sources] src/pages/topics/PreoperativeAssessmentTopic.tsx",
  "[missing-diagram-sources] src/pages/topics/PressureMeasurementTopic.tsx",
  "[missing-diagram-sources] src/pages/topics/ProceduralSedationTopic.tsx",
  "[missing-diagram-sources] src/pages/topics/PrognosticationEthicsIcuTopic.tsx",
  "[missing-diagram-sources] src/pages/topics/PulmonaryHypertensionTopic.tsx",
  "[missing-diagram-sources] src/pages/topics/PulseOximetryTopic.tsx",
  "[missing-diagram-sources] src/pages/topics/RegionalAnaesthesiaTopic.tsx",
  "[missing-diagram-sources] src/pages/topics/RenalPhysiologyTopic.tsx",
  "[missing-diagram-sources] src/pages/topics/RespiratoryDiseaseTopic.tsx",
  "[missing-diagram-sources] src/pages/topics/RocuroniumTopic.tsx",
  "[missing-diagram-sources] src/pages/topics/SIUnitsThermodynamicsTopic.tsx",
  "[missing-diagram-sources] src/pages/topics/SepsisTopic.tsx",
  "[missing-diagram-sources] src/pages/topics/SolutionsConcentrationTopic.tsx",
  "[missing-diagram-sources] src/pages/topics/SpinalAnatomyTopic.tsx",
  "[missing-diagram-sources] src/pages/topics/StarlingForcesTopic.tsx",
  "[missing-diagram-sources] src/pages/topics/StatisticsEBMTopic.tsx",
  "[missing-diagram-sources] src/pages/topics/TIVATopic.tsx",
  "[missing-diagram-sources] src/pages/topics/TemperatureMeasurementTopic.tsx",
  "[missing-diagram-sources] src/pages/topics/ThoracicAnatomyTopic.tsx",
  "[missing-diagram-sources] src/pages/topics/ToxicologyTopic.tsx",
  "[missing-diagram-sources] src/pages/topics/TransferMedicineTopic.tsx",
  "[missing-diagram-sources] src/pages/topics/TransfusionCoagulationTopic.tsx",
  "[missing-diagram-sources] src/pages/topics/UltrasoundPhysicsTopic.tsx",
  "[missing-diagram-sources] src/pages/topics/UpperLimbAnatomyTopic.tsx",
  "[missing-diagram-sources] src/pages/topics/UrologicalAnaesthesiaTopic.tsx",
  "[missing-diagram-sources] src/pages/topics/VaporisersTopic.tsx",
  "[missing-diagram-sources] src/pages/topics/VascularAccessDevicesTopic.tsx",
  "[missing-diagram-sources] src/pages/topics/VasoactiveAgentsTopic.tsx",
  "[missing-diagram-sources] src/pages/topics/VentilationPerfusionTopic.tsx",
  "[missing-diagram-sources] src/pages/topics/VentilatorModesTopic.tsx",
  "[missing-diagram-sources] src/pages/topics/VolatileAgentsTopic.tsx",
  "[missing-diagram-sources] src/pages/topics/XRayRadiationSafetyTopic.tsx",
  "[missing-topicId] src/pages/topics/CapnographyWaveformsTopic.tsx",
  "[missing-topicId] src/pages/topics/VenturiMaskTopic.tsx",
]
`;
