// Vitest Snapshot v1, https://vitest.dev/guide/snapshot.html

exports[`Per-diagram principle-citation contract (animated diagrams) > missing-per-principle-cite baseline is locked (new animations MUST cite their principle) > per-principle-cite-baseline 1`] = `
[
  "src/components/diagrams/clinical/CICODrillAnimation.tsx::CICODrillAnimation",
  "src/components/diagrams/clinical/Cat1RSIAnimation.tsx::Cat1RSIAnimation",
  "src/components/diagrams/clinical/JetVentilationCycleAnimation.tsx::JetVentilationCycleAnimation",
  "src/components/diagrams/clinical/PatientPositioningMechanisms.tsx::ParkBenchArmTractionAnimation",
  "src/components/diagrams/clinical/PatientPositioningMechanisms.tsx::PeronealNerveLithotomyAnimation",
  "src/components/diagrams/clinical/PatientPositioningMechanisms.tsx::ProneIVCFreeAbdomenAnimation",
  "src/components/diagrams/clinical/PatientPositioningMechanisms.tsx::SittingHydrostaticAnimation",
  "src/components/diagrams/clinical/PatientPositioningMechanisms.tsx::VAEDetectionLadderAnimation",
  "src/components/diagrams/intensive-care/AdrenalCrisisAnimation.tsx::AdrenalCrisisAnimation",
  "src/components/diagrams/intensive-care/ComplicationBundlesAnimation.tsx::ComplicationBundlesAnimation",
  "src/components/diagrams/intensive-care/DKAAnimation.tsx::DKAAnimation",
  "src/components/diagrams/intensive-care/GoalDirectedTherapyAnimation.tsx::GoalDirectedTherapyAnimation",
  "src/components/diagrams/intensive-care/RefeedingSyndromeAnimation.tsx::RefeedingSyndromeAnimation",
  "src/components/diagrams/intensive-care/ThyroidStormAnimation.tsx::ThyroidStormAnimation",
  "src/components/diagrams/pharmacology/AAShuntAnimation.tsx::AAShuntAnimation",
  "src/components/diagrams/pharmacology/OpioidSignallingCascadeAnimation.tsx::OpioidSignallingCascadeAnimation",
  "src/components/diagrams/shared/AnimatedMechanism.tsx::AnimatedMechanism",
  "src/components/diagrams/shared/BonfilsRetromolarAnimation.tsx::BonfilsRetromolarAnimation",
]
`;
